C:\repo
λ mkdir teste

C:\repo
λ cd teste

C:\repo\teste
λ git add "aula.txt"
fatal: not a git repository (or any of the parent directories): .git

C:\repo\teste
λ git init
Initialized empty Git repository in C:/repo/teste/.git/

C:\repo\teste (master)
λ git add "aula.txt"
fatal: pathspec 'aula.txt' did not match any files

C:\repo\teste (master)
λ git add aulatxt
fatal: pathspec 'aulatxt' did not match any files

C:\repo\teste (master)
λ git add aula.txt
fatal: pathspec 'aula.txt' did not match any files

C:\repo\teste (master)
λ git add "aula.txt"

C:\repo\teste (master)
λ git status
On branch master

No commits yet

Changes to be committed:
  (use "git rm --cached <file>..." to unstage)
        new file:   aula.txt


C:\repo\teste (master)
λ git commit
Author identity unknown

*** Please tell me who you are.

Run

  git config --global user.email "you@example.com"
  git config --global user.name "Your Name"

to set your account's default identity.
Omit --global to set the identity only in this repository.

fatal: unable to auto-detect email address (got 'gusta@DESKTOP-8JQA923.(none)')

C:\repo\teste (master)
λ git commit -m "primeiro commit"
Author identity unknown

*** Please tell me who you are.

Run

  git config --global user.email "you@example.com"
  git config --global user.name "Your Name"

to set your account's default identity.
Omit --global to set the identity only in this repository.

fatal: unable to auto-detect email address (got 'gusta@DESKTOP-8JQA923.(none)')

C:\repo\teste (master)
λ git status
On branch master

No commits yet

Changes to be committed:
  (use "git rm --cached <file>..." to unstage)
        new file:   aula.txt


C:\repo\teste (master)
λ git commit -m "primeiro commit"
Author identity unknown

*** Please tell me who you are.

Run

  git config --global user.email "you@example.com"
  git config --global user.name "Your Name"

to set your account's default identity.
Omit --global to set the identity only in this repository.

fatal: unable to auto-detect email address (got 'gusta@DESKTOP-8JQA923.(none)')

C:\repo\teste (master)
λ git config --global user.name "Gustavo"

C:\repo\teste (master)
λ git config --global user.email "gustavopissai3d@gmail.com"

C:\repo\teste (master)
λ git commit -m "primeiro commit"
[master (root-commit) cdf97ed] primeiro commit
 1 file changed, 0 insertions(+), 0 deletions(-)
 create mode 100644 aula.txt

C:\repo\teste (master)
λ